
Map of Debug\debug.sm8 from link file Debug\debug.lkf - Mon Sep 19 18:03:56 2022


                               --------
                               Segments
                               --------

start 00008080 end 00008112 length   146 segment .const
start 00008115 end 00009476 length  4961 segment .text
start 00004000 end 00004000 length     0 segment .eeprom
start 00000000 end 00000000 length     0 segment .bsct
start 00000000 end 0000000c length    12 segment .ubsct
start 0000000c end 0000000c length     0 segment .bit
start 0000000c end 0000000c length     0 segment .share
start 00000100 end 00000100 length     0 segment .data
start 00000100 end 00000100 length     0 segment .bss
start 00000000 end 0000059b length  1435 segment .info.
start 00000000 end 00003b63 length 15203 segment .debug
start 00008000 end 00008080 length   128 segment .const
start 00008112 end 00008115 length     3 segment .init


                               -------
                               Modules
                               -------

C:\Program Files (x86)\COSMIC\FSE_Compilers\CXSTM8\lib\crtsi0.sm8:
start 00008115 end 00008165 length    80 section .text
start 00000100 end 00000100 length     0 section .bss
start 00000000 end 00000000 length     0 section .ubsct
start 00000000 end 00000034 length    52 section .info.

Debug\main.o:
start 00008165 end 00008287 length   290 section .text
start 00000000 end 00000002 length     2 section .ubsct
start 00000000 end 000003de length   990 section .debug
start 00000034 end 000000aa length   118 section .info.
start 00008080 end 00008084 length     4 section .const

Debug\stm8s_clk.o:
start 00008287 end 0000898d length  1798 section .text
start 000003de end 00001a4d length  5743 section .debug
start 000000aa end 00000125 length   123 section .info.
start 00008084 end 000080b7 length    51 section .const

Debug\stm8s_gpio.o:
start 0000898d end 00008ae9 length   348 section .text
start 00001a4d end 00002457 length  2570 section .debug
start 00000125 end 000001a1 length   124 section .info.
start 000080b7 end 000080df length    40 section .const

Debug\stm8s_i2c.o:
start 00008ae9 end 000091ec length  1795 section .text
start 00002457 end 000039f8 length  5537 section .debug
start 000001a1 end 0000021c length   123 section .info.
start 000080df end 00008112 length    51 section .const

(C:\Program Files (x86)\COSMIC\FSE_Compilers\CXSTM8\lib\libm0.sm8)lcmp.o:
start 000091ec end 0000920c length    32 section .text
start 0000021c end 0000024b length    47 section .info.

(C:\Program Files (x86)\COSMIC\FSE_Compilers\CXSTM8\lib\libm0.sm8)lgsbc.o:
start 0000920c end 00009222 length    22 section .text
start 0000024b end 0000027b length    48 section .info.

(C:\Program Files (x86)\COSMIC\FSE_Compilers\CXSTM8\lib\libm0.sm8)lmul.o:
start 00009222 end 000092ad length   139 section .text
start 0000027b end 000002aa length    47 section .info.

(C:\Program Files (x86)\COSMIC\FSE_Compilers\CXSTM8\lib\libm0.sm8)lreg.o:
start 00000002 end 00000006 length     4 section .ubsct
start 000002aa end 000002d9 length    47 section .info.

(C:\Program Files (x86)\COSMIC\FSE_Compilers\CXSTM8\lib\libm0.sm8)ltor.o:
start 000092ad end 000092bf length    18 section .text
start 000002d9 end 00000308 length    47 section .info.

(C:\Program Files (x86)\COSMIC\FSE_Compilers\CXSTM8\lib\libm0.sm8)ludiv.o:
start 000092bf end 000092d3 length    20 section .text
start 00000308 end 00000338 length    48 section .info.

(C:\Program Files (x86)\COSMIC\FSE_Compilers\CXSTM8\lib\libm0.sm8)ldiv.o:
start 000092d3 end 000093be length   235 section .text
start 00000338 end 00000367 length    47 section .info.

(C:\Program Files (x86)\COSMIC\FSE_Compilers\CXSTM8\lib\libm0.sm8)lgneg.o:
start 000093be end 000093d1 length    19 section .text
start 00000367 end 00000397 length    48 section .info.

(C:\Program Files (x86)\COSMIC\FSE_Compilers\CXSTM8\lib\libm0.sm8)lneg.o:
start 000093d1 end 000093e6 length    21 section .text
start 00000397 end 000003c6 length    47 section .info.

(C:\Program Files (x86)\COSMIC\FSE_Compilers\CXSTM8\lib\libm0.sm8)lzmp.o:
start 000093e6 end 000093f9 length    19 section .text
start 000003c6 end 000003f5 length    47 section .info.

(C:\Program Files (x86)\COSMIC\FSE_Compilers\CXSTM8\lib\libm0.sm8)rtol.o:
start 000093f9 end 0000940b length    18 section .text
start 000003f5 end 00000424 length    47 section .info.

(C:\Program Files (x86)\COSMIC\FSE_Compilers\CXSTM8\lib\libm0.sm8)sdivx.o:
start 0000940b end 00009436 length    43 section .text
start 00000424 end 00000454 length    48 section .info.

(C:\Program Files (x86)\COSMIC\FSE_Compilers\CXSTM8\lib\libm0.sm8)smul.o:
start 00009436 end 00009475 length    63 section .text
start 00000454 end 00000483 length    47 section .info.

(C:\Program Files (x86)\COSMIC\FSE_Compilers\CXSTM8\lib\libm0.sm8)xreg.o:
start 00000006 end 00000009 length     3 section .ubsct
start 00000483 end 000004b2 length    47 section .info.

(C:\Program Files (x86)\COSMIC\FSE_Compilers\CXSTM8\lib\libm0.sm8)yreg.o:
start 00000009 end 0000000c length     3 section .ubsct
start 000004b2 end 000004e1 length    47 section .info.

Debug\stm8_interrupt_vector.o:
start 00009475 end 00009476 length     1 section .text
start 000039f8 end 00003b63 length   363 section .debug
start 000004e1 end 00000568 length   135 section .info.
start 00008000 end 00008080 length   128 section .const


                             -----------
                             Stack usage
                             -----------

Debug\main.o:
L312_delay                           8   (6)
_I2C_ByteRead                       22   (6)
_I2C_ByteWrite                  >   20   (4)
_Init_VL53L0X                   >    2   (2)
_MeasureContinuous              >    2   (2)
_MeasureSingleMode              >    2   (2)
_assert_failed                       6   (6)
_main                           >   37   (2)

Debug\stm8_interrupt_vector.o:
f_NonHandledInterrupt           >    6   (6)

Debug\stm8s_clk.o:
_CLK_AdjustHSICalibrationValue  >    9   (3)
_CLK_CCOCmd                     >    9   (3)
_CLK_CCOConfig                  >    9   (3)
_CLK_ClearITPendingBit          >    9   (3)
_CLK_ClockSecuritySystemEnable  >    2   (2)
_CLK_ClockSwitchCmd             >    9   (3)
_CLK_ClockSwitchConfig          >   16   (10)
_CLK_DeInit                     >    2   (2)
_CLK_FastHaltWakeUpCmd          >    9   (3)
_CLK_GetClockFreq                   25   (11)
_CLK_GetFlagStatus              >   13   (7)
_CLK_GetITStatus                >   10   (4)
_CLK_GetSYSCLKSource            >    2   (2)
_CLK_HSECmd                     >    9   (3)
_CLK_HSICmd                     >    9   (3)
_CLK_HSIPrescalerConfig         >    9   (3)
_CLK_ITConfig                   >   10   (4)
_CLK_LSICmd                     >    9   (3)
_CLK_PeripheralClockConfig      >   10   (4)
_CLK_SWIMConfig                 >    9   (3)
_CLK_SYSCLKConfig               >    9   (3)
_CLK_SYSCLKEmergencyClear       >    2   (2)
_CLK_SlowActiveHaltWakeUpCmd    >    9   (3)

Debug\stm8s_gpio.o:
_GPIO_DeInit                         2   (2)
_GPIO_ExternalPullUpConfig      >   12   (6)
_GPIO_Init                          12   (6)
_GPIO_ReadInputData             >    2   (2)
_GPIO_ReadInputPin              >    5   (5)
_GPIO_ReadOutputData            >    2   (2)
_GPIO_Write                     >    5   (5)
_GPIO_WriteHigh                      5   (5)
_GPIO_WriteLow                  >    5   (5)
_GPIO_WriteReverse              >    5   (5)

Debug\stm8s_i2c.o:
_I2C_AcknowledgeConfig               9   (3)
_I2C_CheckEvent                     16   (10)
_I2C_ClearFlag                  >   12   (6)
_I2C_ClearITPendingBit          >   12   (6)
_I2C_Cmd                        >    9   (3)
_I2C_DeInit                          2   (2)
_I2C_FastModeDutyCycleConfig    >    9   (3)
_I2C_GeneralCallCmd             >    9   (3)
_I2C_GenerateSTART                   9   (3)
_I2C_GenerateSTOP                    9   (3)
_I2C_GetFlagStatus                  12   (6)
_I2C_GetITStatus                >   14   (8)
_I2C_GetLastEvent               >    8   (8)
_I2C_ITConfig                   >   10   (4)
_I2C_Init                           35   (21)
_I2C_ReceiveData                     2   (2)
_I2C_Send7bitAddress                10   (4)
_I2C_SendData                        2   (2)
_I2C_SoftwareResetCmd           >    9   (3)
_I2C_StretchClockCmd            >    9   (3)

Stack size: 43


                              ---------
                              Call tree
                              ---------
   1 > _CLK_AdjustHSICalibrationValue: (3)
   2      + _assert_failed: (6)
       
   3 > _CLK_CCOCmd: (3)
   4      + _assert_failed --> 2
       
   5 > _CLK_CCOConfig: (3)
   6      + _assert_failed --> 2
       
   7 > _CLK_ClearITPendingBit: (3)
   8      + _assert_failed --> 2
       
   9 > _CLK_ClockSecuritySystemEnable: (2)

  10 > _CLK_ClockSwitchCmd: (3)
  11      + _assert_failed --> 2
       
  12 > _CLK_ClockSwitchConfig: (10)
  13      + _assert_failed --> 2
       
  14 > _CLK_DeInit: (2)

  15 > _CLK_FastHaltWakeUpCmd: (3)
  16      + _assert_failed --> 2
       
  17 > _CLK_GetFlagStatus: (7)
  18      + _assert_failed --> 2
       
  19 > _CLK_GetITStatus: (4)
  20      + _assert_failed --> 2
       
  21 > _CLK_GetSYSCLKSource: (2)

  22 > _CLK_HSECmd: (3)
  23      + _assert_failed --> 2
       
  24 > _CLK_HSICmd: (3)
  25      + _assert_failed --> 2
       
  26 > _CLK_HSIPrescalerConfig: (3)
  27      + _assert_failed --> 2
       
  28 > _CLK_ITConfig: (4)
  29      + _assert_failed --> 2
       
  30 > _CLK_LSICmd: (3)
  31      + _assert_failed --> 2
       
  32 > _CLK_PeripheralClockConfig: (4)
  33      + _assert_failed --> 2
       
  34 > _CLK_SWIMConfig: (3)
  35      + _assert_failed --> 2
       
  36 > _CLK_SYSCLKConfig: (3)
  37      + _assert_failed --> 2
       
  38 > _CLK_SYSCLKEmergencyClear: (2)

  39 > _CLK_SlowActiveHaltWakeUpCmd: (3)
  40      + _assert_failed --> 2
       
  41 > _GPIO_ExternalPullUpConfig: (6)
  42      + _assert_failed --> 2
       
  43 > _GPIO_ReadInputData: (2)

  44 > _GPIO_ReadInputPin: (5)

  45 > _GPIO_ReadOutputData: (2)

  46 > _GPIO_Write: (5)

  47 > _GPIO_WriteLow: (5)

  48 > _GPIO_WriteReverse: (5)

  49 > _I2C_ByteWrite: (4)
  50      + _I2C_CheckEvent: (10)
  51      |    + _assert_failed --> 2
          | 
  52      + _I2C_GenerateSTART: (3)
  53      |    + _assert_failed --> 2
          | 
  54      + _I2C_GenerateSTOP: (3)
  55      |    + _assert_failed --> 2
          | 
  56      + _I2C_Send7bitAddress: (4)
  57      |    + _assert_failed --> 2
          | 
  58      + _I2C_SendData: (2)
       
  59 > _I2C_ClearFlag: (6)
  60      + _assert_failed --> 2
       
  61 > _I2C_ClearITPendingBit: (6)
  62      + _assert_failed --> 2
       
  63 > _I2C_Cmd: (3)
  64      + _assert_failed --> 2
       
  65 > _I2C_FastModeDutyCycleConfig: (3)
  66      + _assert_failed --> 2
       
  67 > _I2C_GeneralCallCmd: (3)
  68      + _assert_failed --> 2
       
  69 > _I2C_GetITStatus: (8)
  70      + _assert_failed --> 2
       
  71 > _I2C_GetLastEvent: (8)

  72 > _I2C_ITConfig: (4)
  73      + _assert_failed --> 2
       
  74 > _I2C_SoftwareResetCmd: (3)
  75      + _assert_failed --> 2
       
  76 > _I2C_StretchClockCmd: (3)
  77      + _assert_failed --> 2
       
  78 > _Init_VL53L0X: (2)

  79 > _MeasureContinuous: (2)

  80 > _MeasureSingleMode: (2)

  81 > __stext: (0)

  82 > _main: (2)
  83      + L312_delay: (6)
  84      + _CLK_GetClockFreq: (11)
  85      + _GPIO_DeInit: (2)
  86      + _GPIO_Init: (6)
  87      |    + _assert_failed --> 2
          | 
  88      + _GPIO_WriteHigh: (5)
  89      + _I2C_ByteRead: (6)
  90      |    + _I2C_AcknowledgeConfig: (3)
  91      |    |    + _assert_failed --> 2
          |    | 
  92      |    + _I2C_CheckEvent --> 50
  93      |    + _I2C_GenerateSTART --> 52
  94      |    + _I2C_GenerateSTOP --> 54
  95      |    + _I2C_GetFlagStatus: (6)
  96      |    |    + _assert_failed --> 2
          |    | 
  97      |    + _I2C_ReceiveData: (2)
  98      |    + _I2C_Send7bitAddress --> 56
  99      |    + _I2C_SendData --> 58
          | 
 100      + _I2C_DeInit: (2)
 101      + _I2C_Init: (21)
 102      |    + _I2C_AcknowledgeConfig --> 90
 103      |    + _assert_failed --> 2
          | 
       
 104 > f_NonHandledInterrupt: (6)

 105   L312_delay --> 83

 106   _CLK_GetClockFreq --> 84

 107   _GPIO_DeInit --> 85

 108   _GPIO_Init --> 86

 109   _GPIO_WriteHigh --> 88

 110   _I2C_AcknowledgeConfig --> 90

 111   _I2C_ByteRead --> 89

 112   _I2C_CheckEvent --> 50

 113   _I2C_DeInit --> 100

 114   _I2C_GenerateSTART --> 52

 115   _I2C_GenerateSTOP --> 54

 116   _I2C_GetFlagStatus --> 95

 117   _I2C_Init --> 101

 118   _I2C_ReceiveData --> 97

 119   _I2C_Send7bitAddress --> 56

 120   _I2C_SendData --> 58

 121   _assert_failed --> 2



                               -------
                               Symbols
                               -------

_CLKPrescTable                   00008088   defined in Debug\stm8s_clk.o section .const
_CLK_AdjustHSICalibrationValue   0000882f   defined in Debug\stm8s_clk.o section .text
_CLK_CCOCmd                      0000836b   defined in Debug\stm8s_clk.o section .text
_CLK_CCOConfig                   00008645   defined in Debug\stm8s_clk.o section .text
_CLK_ClearITPendingBit           0000895f   defined in Debug\stm8s_clk.o section .text
_CLK_ClockSecuritySystemEnable   000087b2   defined in Debug\stm8s_clk.o section .text
_CLK_ClockSwitchCmd              00008396   defined in Debug\stm8s_clk.o section .text
_CLK_ClockSwitchConfig           000084da   defined in Debug\stm8s_clk.o section .text
_CLK_DeInit                      00008287   defined in Debug\stm8s_clk.o section .text
_CLK_FastHaltWakeUpCmd           000082bf   defined in Debug\stm8s_clk.o section .text
_CLK_GetClockFreq                000087bb   defined in Debug\stm8s_clk.o section .text
                                            used in Debug\main.o
_CLK_GetFlagStatus               00008873   defined in Debug\stm8s_clk.o section .text
_CLK_GetITStatus                 00008914   defined in Debug\stm8s_clk.o section .text
_CLK_GetSYSCLKSource             000087b7   defined in Debug\stm8s_clk.o section .text
_CLK_HSECmd                      000082ea   defined in Debug\stm8s_clk.o section .text
_CLK_HSICmd                      00008315   defined in Debug\stm8s_clk.o section .text
_CLK_HSIPrescalerConfig          00008610   defined in Debug\stm8s_clk.o section .text
_CLK_ITConfig                    000086a2   defined in Debug\stm8s_clk.o section .text
_CLK_LSICmd                      00008340   defined in Debug\stm8s_clk.o section .text
_CLK_PeripheralClockConfig       000083ec   defined in Debug\stm8s_clk.o section .text
_CLK_SWIMConfig                  00008787   defined in Debug\stm8s_clk.o section .text
_CLK_SYSCLKConfig                00008716   defined in Debug\stm8s_clk.o section .text
_CLK_SYSCLKEmergencyClear        0000886e   defined in Debug\stm8s_clk.o section .text
_CLK_SlowActiveHaltWakeUpCmd     000083c1   defined in Debug\stm8s_clk.o section .text
_GPIO_DeInit                     0000898d   defined in Debug\stm8s_gpio.o section .text
                                            used in Debug\main.o
_GPIO_ExternalPullUpConfig       00008a9b   defined in Debug\stm8s_gpio.o section .text
_GPIO_Init                       00008995   defined in Debug\stm8s_gpio.o section .text
                                            used in Debug\main.o
_GPIO_ReadInputData              00008a91   defined in Debug\stm8s_gpio.o section .text
_GPIO_ReadInputPin               00008a94   defined in Debug\stm8s_gpio.o section .text
_GPIO_ReadOutputData             00008a8f   defined in Debug\stm8s_gpio.o section .text
_GPIO_Write                      00008a71   defined in Debug\stm8s_gpio.o section .text
_GPIO_WriteHigh                  00008a79   defined in Debug\stm8s_gpio.o section .text
                                            used in Debug\main.o
_GPIO_WriteLow                   00008a80   defined in Debug\stm8s_gpio.o section .text
_GPIO_WriteReverse               00008a88   defined in Debug\stm8s_gpio.o section .text
_HSIDivFactor                    00008084   defined in Debug\stm8s_clk.o section .const
_I2C_AcknowledgeConfig           00008e06   defined in Debug\stm8s_i2c.o section .text
                                            used in Debug\main.o
_I2C_ByteRead                    00008165   defined in Debug\main.o section .text
_I2C_ByteWrite                   000081da   defined in Debug\main.o section .text
_I2C_CheckEvent                  00008f2c   defined in Debug\stm8s_i2c.o section .text
                                            used in Debug\main.o
_I2C_ClearFlag                   000090d1   defined in Debug\stm8s_i2c.o section .text
_I2C_ClearITPendingBit           000091a9   defined in Debug\stm8s_i2c.o section .text
_I2C_Cmd                         00008d04   defined in Debug\stm8s_i2c.o section .text
_I2C_DeInit                      00008ae9   defined in Debug\stm8s_i2c.o section .text
                                            used in Debug\main.o
_I2C_FastModeDutyCycleConfig     00008eb2   defined in Debug\stm8s_i2c.o section .text
_I2C_GeneralCallCmd              00008d2f   defined in Debug\stm8s_i2c.o section .text
_I2C_GenerateSTART               00008d5a   defined in Debug\stm8s_i2c.o section .text
                                            used in Debug\main.o
_I2C_GenerateSTOP                00008d85   defined in Debug\stm8s_i2c.o section .text
                                            used in Debug\main.o
_I2C_GetFlagStatus               00009033   defined in Debug\stm8s_i2c.o section .text
                                            used in Debug\main.o
_I2C_GetITStatus                 00009109   defined in Debug\stm8s_i2c.o section .text
_I2C_GetLastEvent                00009000   defined in Debug\stm8s_i2c.o section .text
_I2C_ITConfig                    00008e45   defined in Debug\stm8s_i2c.o section .text
_I2C_Init                        00008b0e   defined in Debug\stm8s_i2c.o section .text
                                            used in Debug\main.o
_I2C_ReceiveData                 00008edf   defined in Debug\stm8s_i2c.o section .text
                                            used in Debug\main.o
_I2C_Send7bitAddress             00008ee3   defined in Debug\stm8s_i2c.o section .text
                                            used in Debug\main.o
_I2C_SendData                    00008f28   defined in Debug\stm8s_i2c.o section .text
                                            used in Debug\main.o
_I2C_SoftwareResetCmd            00008db0   defined in Debug\stm8s_i2c.o section .text
_I2C_StretchClockCmd             00008ddb   defined in Debug\stm8s_i2c.o section .text
_Init_VL53L0X                    00008210   defined in Debug\main.o section .text
_MeasureContinuous               00008212   defined in Debug\main.o section .text
_MeasureSingleMode               00008211   defined in Debug\main.o section .text
__endmem                         000001ff   defined in command file
                                            *** not used ***
__endzp                          0000000c   defined in command file section .ubsct
                                            used in C:\Program Files (x86)\COSMIC\FSE_Compilers\CXSTM8\lib\crtsi0.sm8
__idesc__                        00008112   defined in linker section .init
                                            used in C:\Program Files (x86)\COSMIC\FSE_Compilers\CXSTM8\lib\crtsi0.sm8
__memory                         00000100   defined in command file section .bss
                                            used in C:\Program Files (x86)\COSMIC\FSE_Compilers\CXSTM8\lib\crtsi0.sm8
__stack                          000003ff   defined in command file
                                            used in C:\Program Files (x86)\COSMIC\FSE_Compilers\CXSTM8\lib\crtsi0.sm8
__startmem                       00000100   defined in command file section .bss
                                            *** not used ***
__stext                          00008115   defined in C:\Program Files (x86)\COSMIC\FSE_Compilers\CXSTM8\lib\crtsi0.sm8 section .text
                                            used in Debug\stm8_interrupt_vector.o
__vectab                         00008000   defined in Debug\stm8_interrupt_vector.o section .const
_assert_failed                   00008285   defined in Debug\main.o section .text
                                            used in Debug\stm8s_clk.o
                                                    Debug\stm8s_gpio.o
                                                    Debug\stm8s_i2c.o
_exit                            00008163   defined in C:\Program Files (x86)\COSMIC\FSE_Compilers\CXSTM8\lib\crtsi0.sm8 section .text
_main                            00008226   defined in Debug\main.o section .text
                                            used in C:\Program Files (x86)\COSMIC\FSE_Compilers\CXSTM8\lib\crtsi0.sm8
_pResult                         00000000   defined in Debug\main.o section .ubsct
c_divsl                          000092d3   defined in (C:\Program Files (x86)\COSMIC\FSE_Compilers\CXSTM8\lib\libm0.sm8)ldiv.o section .text
                                            *** not used ***
c_divul                          000092ea   defined in (C:\Program Files (x86)\COSMIC\FSE_Compilers\CXSTM8\lib\libm0.sm8)ldiv.o section .text
                                            used in (C:\Program Files (x86)\COSMIC\FSE_Compilers\CXSTM8\lib\libm0.sm8)ludiv.o
c_lcmp                           000091ec   defined in (C:\Program Files (x86)\COSMIC\FSE_Compilers\CXSTM8\lib\libm0.sm8)lcmp.o section .text
                                            used in Debug\stm8s_i2c.o
c_lgneg                          000093be   defined in (C:\Program Files (x86)\COSMIC\FSE_Compilers\CXSTM8\lib\libm0.sm8)lgneg.o section .text
                                            used in (C:\Program Files (x86)\COSMIC\FSE_Compilers\CXSTM8\lib\libm0.sm8)ldiv.o
c_lgsbc                          0000920c   defined in (C:\Program Files (x86)\COSMIC\FSE_Compilers\CXSTM8\lib\libm0.sm8)lgsbc.o section .text
                                            used in Debug\main.o
c_lmul                           00009222   defined in (C:\Program Files (x86)\COSMIC\FSE_Compilers\CXSTM8\lib\libm0.sm8)lmul.o section .text
                                            used in Debug\stm8s_i2c.o
c_lmulc                          0000922a   defined in (C:\Program Files (x86)\COSMIC\FSE_Compilers\CXSTM8\lib\libm0.sm8)lmul.o section .text
                                            *** not used ***
c_lneg                           000093d1   defined in (C:\Program Files (x86)\COSMIC\FSE_Compilers\CXSTM8\lib\libm0.sm8)lneg.o section .text
                                            used in (C:\Program Files (x86)\COSMIC\FSE_Compilers\CXSTM8\lib\libm0.sm8)ldiv.o
c_lreg                           00000002   defined in (C:\Program Files (x86)\COSMIC\FSE_Compilers\CXSTM8\lib\libm0.sm8)lreg.o section .ubsct
                                            used in Debug\main.o
                                                    Debug\stm8s_clk.o
                                                    Debug\stm8s_i2c.o
                                                    (C:\Program Files (x86)\COSMIC\FSE_Compilers\CXSTM8\lib\libm0.sm8)lcmp.o
                                                    (C:\Program Files (x86)\COSMIC\FSE_Compilers\CXSTM8\lib\libm0.sm8)lmul.o
                                                    (C:\Program Files (x86)\COSMIC\FSE_Compilers\CXSTM8\lib\libm0.sm8)ltor.o
                                                    (C:\Program Files (x86)\COSMIC\FSE_Compilers\CXSTM8\lib\libm0.sm8)ldiv.o
                                                    (C:\Program Files (x86)\COSMIC\FSE_Compilers\CXSTM8\lib\libm0.sm8)lneg.o
                                                    (C:\Program Files (x86)\COSMIC\FSE_Compilers\CXSTM8\lib\libm0.sm8)rtol.o
                                                    (C:\Program Files (x86)\COSMIC\FSE_Compilers\CXSTM8\lib\libm0.sm8)smul.o
c_ltor                           000092ad   defined in (C:\Program Files (x86)\COSMIC\FSE_Compilers\CXSTM8\lib\libm0.sm8)ltor.o section .text
                                            used in Debug\stm8s_clk.o
                                                    Debug\stm8s_i2c.o
c_ludv                           000092bf   defined in (C:\Program Files (x86)\COSMIC\FSE_Compilers\CXSTM8\lib\libm0.sm8)ludiv.o section .text
                                            used in Debug\main.o
                                                    Debug\stm8s_clk.o
                                                    Debug\stm8s_i2c.o
c_lzmp                           000093e6   defined in (C:\Program Files (x86)\COSMIC\FSE_Compilers\CXSTM8\lib\libm0.sm8)lzmp.o section .text
                                            used in Debug\main.o
                                                    Debug\stm8s_i2c.o
c_rtol                           000093f9   defined in (C:\Program Files (x86)\COSMIC\FSE_Compilers\CXSTM8\lib\libm0.sm8)rtol.o section .text
                                            used in Debug\stm8s_clk.o
                                                    Debug\stm8s_i2c.o
c_sdivx                          00009411   defined in (C:\Program Files (x86)\COSMIC\FSE_Compilers\CXSTM8\lib\libm0.sm8)sdivx.o section .text
                                            used in Debug\stm8s_i2c.o
c_smodx                          0000940b   defined in (C:\Program Files (x86)\COSMIC\FSE_Compilers\CXSTM8\lib\libm0.sm8)sdivx.o section .text
                                            *** not used ***
c_smul                           00009436   defined in (C:\Program Files (x86)\COSMIC\FSE_Compilers\CXSTM8\lib\libm0.sm8)smul.o section .text
                                            used in Debug\stm8s_i2c.o
c_x                              00000006   defined in (C:\Program Files (x86)\COSMIC\FSE_Compilers\CXSTM8\lib\libm0.sm8)xreg.o section .ubsct
                                            used in C:\Program Files (x86)\COSMIC\FSE_Compilers\CXSTM8\lib\crtsi0.sm8
                                                    (C:\Program Files (x86)\COSMIC\FSE_Compilers\CXSTM8\lib\libm0.sm8)lmul.o
                                                    (C:\Program Files (x86)\COSMIC\FSE_Compilers\CXSTM8\lib\libm0.sm8)ldiv.o
                                                    (C:\Program Files (x86)\COSMIC\FSE_Compilers\CXSTM8\lib\libm0.sm8)sdivx.o
c_y                              00000009   defined in (C:\Program Files (x86)\COSMIC\FSE_Compilers\CXSTM8\lib\libm0.sm8)yreg.o section .ubsct
                                            used in C:\Program Files (x86)\COSMIC\FSE_Compilers\CXSTM8\lib\crtsi0.sm8
f_NonHandledInterrupt            00009475   defined in Debug\stm8_interrupt_vector.o section .text
